// Jest Snapshot v1, https://goo.gl/fbAQLP

exports[`Filter function should show items 1`] = `
Object {
  "asFragment": [Function],
  "baseElement": <body>
    <div>
      <div
        class="App"
      >
        <h2>
          My Editor
        </h2>
        <div>
          title:
           
          <input
            name="title"
            type="text"
            value=""
          />
        </div>
        <div
          class="Editor"
        >
          <div />
        </div>
        <button
          class="Button"
          data-testid="save-button"
        >
          save
        </button>
        <button
          class="Button"
        >
          Edit
        </button>
        <button
          class="Button"
        >
          Delete
        </button>
        <button
          class="Button"
          data-testid="show-button"
        >
          Show
        </button>
        <div>
          <ul />
        </div>
      </div>
    </div>
  </body>,
  "container": <div>
    <div
      class="App"
    >
      <h2>
        My Editor
      </h2>
      <div>
        title:
         
        <input
          name="title"
          type="text"
          value=""
        />
      </div>
      <div
        class="Editor"
      >
        <div />
      </div>
      <button
        class="Button"
        data-testid="save-button"
      >
        save
      </button>
      <button
        class="Button"
      >
        Edit
      </button>
      <button
        class="Button"
      >
        Delete
      </button>
      <button
        class="Button"
        data-testid="show-button"
      >
        Show
      </button>
      <div>
        <ul />
      </div>
    </div>
  </div>,
  "debug": [Function],
  "findAllByAltText": [Function],
  "findAllByDisplayValue": [Function],
  "findAllByLabelText": [Function],
  "findAllByPlaceholderText": [Function],
  "findAllByRole": [Function],
  "findAllByTestId": [Function],
  "findAllByText": [Function],
  "findAllByTitle": [Function],
  "findByAltText": [Function],
  "findByDisplayValue": [Function],
  "findByLabelText": [Function],
  "findByPlaceholderText": [Function],
  "findByRole": [Function],
  "findByTestId": [Function],
  "findByText": [Function],
  "findByTitle": [Function],
  "getAllByAltText": [Function],
  "getAllByDisplayValue": [Function],
  "getAllByLabelText": [Function],
  "getAllByPlaceholderText": [Function],
  "getAllByRole": [Function],
  "getAllByTestId": [Function],
  "getAllByText": [Function],
  "getAllByTitle": [Function],
  "getByAltText": [Function],
  "getByDisplayValue": [Function],
  "getByLabelText": [Function],
  "getByPlaceholderText": [Function],
  "getByRole": [Function],
  "getByTestId": [Function],
  "getByText": [Function],
  "getByTitle": [Function],
  "queryAllByAltText": [Function],
  "queryAllByDisplayValue": [Function],
  "queryAllByLabelText": [Function],
  "queryAllByPlaceholderText": [Function],
  "queryAllByRole": [Function],
  "queryAllByTestId": [Function],
  "queryAllByText": [Function],
  "queryAllByTitle": [Function],
  "queryByAltText": [Function],
  "queryByDisplayValue": [Function],
  "queryByLabelText": [Function],
  "queryByPlaceholderText": [Function],
  "queryByRole": [Function],
  "queryByTestId": [Function],
  "queryByText": [Function],
  "queryByTitle": [Function],
  "rerender": [Function],
  "unmount": [Function],
}
`;

exports[`Filter function should show items 2`] = `
Object {
  "asFragment": [Function],
  "baseElement": <body>
    <div>
      <div
        class="App"
      >
        <h2>
          My Editor
        </h2>
        <div>
          title:
           
          <input
            name="title"
            type="text"
            value=""
          />
        </div>
        <div
          class="Editor"
        >
          <div />
        </div>
        <button
          class="Button"
          data-testid="save-button"
        >
          save
        </button>
        <button
          class="Button"
        >
          Edit
        </button>
        <button
          class="Button"
        >
          Delete
        </button>
        <button
          class="Button"
          data-testid="show-button"
        >
          Show
        </button>
        <div>
          <ul />
        </div>
      </div>
    </div>
  </body>,
  "container": <div>
    <div
      class="App"
    >
      <h2>
        My Editor
      </h2>
      <div>
        title:
         
        <input
          name="title"
          type="text"
          value=""
        />
      </div>
      <div
        class="Editor"
      >
        <div />
      </div>
      <button
        class="Button"
        data-testid="save-button"
      >
        save
      </button>
      <button
        class="Button"
      >
        Edit
      </button>
      <button
        class="Button"
      >
        Delete
      </button>
      <button
        class="Button"
        data-testid="show-button"
      >
        Show
      </button>
      <div>
        <ul />
      </div>
    </div>
  </div>,
  "debug": [Function],
  "findAllByAltText": [Function],
  "findAllByDisplayValue": [Function],
  "findAllByLabelText": [Function],
  "findAllByPlaceholderText": [Function],
  "findAllByRole": [Function],
  "findAllByTestId": [Function],
  "findAllByText": [Function],
  "findAllByTitle": [Function],
  "findByAltText": [Function],
  "findByDisplayValue": [Function],
  "findByLabelText": [Function],
  "findByPlaceholderText": [Function],
  "findByRole": [Function],
  "findByTestId": [Function],
  "findByText": [Function],
  "findByTitle": [Function],
  "getAllByAltText": [Function],
  "getAllByDisplayValue": [Function],
  "getAllByLabelText": [Function],
  "getAllByPlaceholderText": [Function],
  "getAllByRole": [Function],
  "getAllByTestId": [Function],
  "getAllByText": [Function],
  "getAllByTitle": [Function],
  "getByAltText": [Function],
  "getByDisplayValue": [Function],
  "getByLabelText": [Function],
  "getByPlaceholderText": [Function],
  "getByRole": [Function],
  "getByTestId": [Function],
  "getByText": [Function],
  "getByTitle": [Function],
  "queryAllByAltText": [Function],
  "queryAllByDisplayValue": [Function],
  "queryAllByLabelText": [Function],
  "queryAllByPlaceholderText": [Function],
  "queryAllByRole": [Function],
  "queryAllByTestId": [Function],
  "queryAllByText": [Function],
  "queryAllByTitle": [Function],
  "queryByAltText": [Function],
  "queryByDisplayValue": [Function],
  "queryByLabelText": [Function],
  "queryByPlaceholderText": [Function],
  "queryByRole": [Function],
  "queryByTestId": [Function],
  "queryByText": [Function],
  "queryByTitle": [Function],
  "rerender": [Function],
  "unmount": [Function],
}
`;

exports[`Filter function should show items 3`] = `
Object {
  "asFragment": [Function],
  "baseElement": <body>
    <div>
      <div
        class="App"
      >
        <h2>
          My Editor
        </h2>
        <div>
          title:
           
          <input
            name="title"
            type="text"
            value=""
          />
        </div>
        <div
          class="Editor"
        >
          <div />
        </div>
        <button
          class="Button"
          data-testid="save-button"
        >
          save
        </button>
        <button
          class="Button"
        >
          Edit
        </button>
        <button
          class="Button"
        >
          Delete
        </button>
        <button
          class="Button"
          data-testid="show-button"
        >
          Show
        </button>
        <div>
          <ul />
        </div>
      </div>
    </div>
  </body>,
  "container": <div>
    <div
      class="App"
    >
      <h2>
        My Editor
      </h2>
      <div>
        title:
         
        <input
          name="title"
          type="text"
          value=""
        />
      </div>
      <div
        class="Editor"
      >
        <div />
      </div>
      <button
        class="Button"
        data-testid="save-button"
      >
        save
      </button>
      <button
        class="Button"
      >
        Edit
      </button>
      <button
        class="Button"
      >
        Delete
      </button>
      <button
        class="Button"
        data-testid="show-button"
      >
        Show
      </button>
      <div>
        <ul />
      </div>
    </div>
  </div>,
  "debug": [Function],
  "findAllByAltText": [Function],
  "findAllByDisplayValue": [Function],
  "findAllByLabelText": [Function],
  "findAllByPlaceholderText": [Function],
  "findAllByRole": [Function],
  "findAllByTestId": [Function],
  "findAllByText": [Function],
  "findAllByTitle": [Function],
  "findByAltText": [Function],
  "findByDisplayValue": [Function],
  "findByLabelText": [Function],
  "findByPlaceholderText": [Function],
  "findByRole": [Function],
  "findByTestId": [Function],
  "findByText": [Function],
  "findByTitle": [Function],
  "getAllByAltText": [Function],
  "getAllByDisplayValue": [Function],
  "getAllByLabelText": [Function],
  "getAllByPlaceholderText": [Function],
  "getAllByRole": [Function],
  "getAllByTestId": [Function],
  "getAllByText": [Function],
  "getAllByTitle": [Function],
  "getByAltText": [Function],
  "getByDisplayValue": [Function],
  "getByLabelText": [Function],
  "getByPlaceholderText": [Function],
  "getByRole": [Function],
  "getByTestId": [Function],
  "getByText": [Function],
  "getByTitle": [Function],
  "queryAllByAltText": [Function],
  "queryAllByDisplayValue": [Function],
  "queryAllByLabelText": [Function],
  "queryAllByPlaceholderText": [Function],
  "queryAllByRole": [Function],
  "queryAllByTestId": [Function],
  "queryAllByText": [Function],
  "queryAllByTitle": [Function],
  "queryByAltText": [Function],
  "queryByDisplayValue": [Function],
  "queryByLabelText": [Function],
  "queryByPlaceholderText": [Function],
  "queryByRole": [Function],
  "queryByTestId": [Function],
  "queryByText": [Function],
  "queryByTitle": [Function],
  "rerender": [Function],
  "unmount": [Function],
}
`;
